SURROGATE_KEY,DATE_MONTH,USER_ID,SUBSCRIPTION_ID,STARTS_AT,ENDS_AT,PLAN_NAME,MRR_AMOUNT,MRR_CHANGE,RETAINED_MRR_AMOUNT,PREVIOUS_MONTH_MRR_AMOUNT,CHANGE_CATEGORY,MONTH_RETAINED_NUMBER
2019-01-01-0-new,2019-01-01,46344,0,2019-01-02T02:49:50Z,2019-01-06T02:49:50Z,Basic,10.00,10.00,0.00,0.00,new,0
2019-02-01-0-churn,2019-02-01,46344,0,2019-01-02T02:49:50Z,2019-01-06T02:49:50Z,Basic,0.00,-10.00,0.00,10.00,churn,
2019-01-01-1-new,2019-01-01,81160,1,2019-01-02T15:13:05Z,2019-02-14T15:13:05Z,Standard with Ads,6.00,6.00,0.00,0.00,new,0
2019-02-01-1-churn,2019-02-01,81160,1,2019-01-02T15:13:05Z,2019-02-14T15:13:05Z,Standard with Ads,0.00,-6.00,0.00,6.00,churn,
2019-01-01-2-new,2019-01-01,77735,2,2019-01-02T17:02:22Z,2019-02-05T17:02:22Z,Standard with Ads,6.00,6.00,0.00,0.00,new,0
2019-02-01-2-churn,2019-02-01,77735,2,2019-01-02T17:02:22Z,2019-02-05T17:02:22Z,Standard with Ads,0.00,-6.00,0.00,6.00,churn,
2019-01-01-3-new,2019-01-01,60659,3,2019-01-02T20:24:36Z,2019-03-22T20:24:36Z,Basic,10.00,10.00,0.00,0.00,new,0
2019-02-01-3-renewal,2019-02-01,60659,3,2019-01-02T20:24:36Z,2019-03-22T20:24:36Z,Basic,10.00,0.00,10.00,10.00,renewal,1
2019-03-01-3-churn,2019-03-01,60659,3,2019-01-02T20:24:36Z,2019-03-22T20:24:36Z,Basic,0.00,-10.00,0.00,10.00,churn,
2019-01-01-4-new,2019-01-01,31935,4,2019-01-03T04:50:46Z,2019-01-30T04:50:46Z,Standard with Ads,6.00,6.00,0.00,0.00,new,0
2019-02-01-4-churn,2019-02-01,31935,4,2019-01-03T04:50:46Z,2019-01-30T04:50:46Z,Standard with Ads,0.00,-6.00,0.00,6.00,churn,
2019-01-01-5-new,2019-01-01,2761,5,2019-01-03T10:00:44Z,2019-04-07T10:00:44Z,Basic,10.00,10.00,0.00,0.00,new,0
2019-02-01-5-renewal,2019-02-01,2761,5,2019-01-03T10:00:44Z,2019-04-07T10:00:44Z,Basic,10.00,0.00,10.00,10.00,renewal,1
2019-03-01-5-renewal,2019-03-01,2761,5,2019-01-03T10:00:44Z,2019-04-07T10:00:44Z,Basic,10.00,0.00,10.00,10.00,renewal,2
2019-04-01-5-churn,2019-04-01,2761,5,2019-01-03T10:00:44Z,2019-04-07T10:00:44Z,Basic,0.00,-10.00,0.00,10.00,churn,
2019-01-01-6-new,2019-01-01,86534,6,2019-01-03T18:43:58Z,2019-04-02T18:43:58Z,Standard with Ads,6.00,6.00,0.00,0.00,new,0
2019-02-01-6-renewal,2019-02-01,86534,6,2019-01-03T18:43:58Z,2019-04-02T18:43:58Z,Standard with Ads,6.00,0.00,6.00,6.00,renewal,1
2019-03-01-6-renewal,2019-03-01,86534,6,2019-01-03T18:43:58Z,2019-04-02T18:43:58Z,Standard with Ads,6.00,0.00,6.00,6.00,renewal,2
2019-04-01-6-churn,2019-04-01,86534,6,2019-01-03T18:43:58Z,2019-04-02T18:43:58Z,Standard with Ads,0.00,-6.00,0.00,6.00,churn,
2019-01-01-7-new,2019-01-01,51817,7,2019-01-03T19:20:55Z,2019-02-10T19:20:55Z,Standard with Ads,6.00,6.00,0.00,0.00,new,0
2019-02-01-7-churn,2019-02-01,51817,7,2019-01-03T19:20:55Z,2019-02-10T19:20:55Z,Standard with Ads,0.00,-6.00,0.00,6.00,churn,
2019-01-01-8-new,2019-01-01,7110,8,2019-01-03T21:53:11Z,2019-01-26T21:53:11Z,Basic,10.00,10.00,0.00,0.00,new,0
2019-02-01-8-churn,2019-02-01,7110,8,2019-01-03T21:53:11Z,2019-01-26T21:53:11Z,Basic,0.00,-10.00,0.00,10.00,churn,
2019-01-01-9-new,2019-01-01,85029,9,2019-01-04T00:40:13Z,2019-01-21T00:40:13Z,Standard with Ads,6.00,6.00,0.00,0.00,new,0
2019-02-01-9-churn,2019-02-01,85029,9,2019-01-04T00:40:13Z,2019-01-21T00:40:13Z,Standard with Ads,0.00,-6.00,0.00,6.00,churn,
2019-01-01-10-new,2019-01-01,57272,10,2019-01-04T02:25:11Z,2019-02-01T02:25:11Z,Basic,10.00,10.00,0.00,0.00,new,0
2019-02-01-10-churn,2019-02-01,57272,10,2019-01-04T02:25:11Z,2019-02-01T02:25:11Z,Basic,0.00,-10.00,0.00,10.00,churn,
2019-01-01-11-new,2019-01-01,67373,11,2019-01-04T02:33:15Z,2019-02-09T02:33:15Z,Basic,10.00,10.00,0.00,0.00,new,0
2019-02-01-11-churn,2019-02-01,67373,11,2019-01-04T02:33:15Z,2019-02-09T02:33:15Z,Basic,0.00,-10.00,0.00,10.00,churn,
2019-01-01-12-new,2019-01-01,49321,12,2019-01-04T03:26:50Z,2019-04-06T03:26:50Z,Standard with Ads,6.00,6.00,0.00,0.00,new,0
2019-02-01-12-renewal,2019-02-01,49321,12,2019-01-04T03:26:50Z,2019-04-06T03:26:50Z,Standard with Ads,6.00,0.00,6.00,6.00,renewal,1
2019-03-01-12-renewal,2019-03-01,49321,12,2019-01-04T03:26:50Z,2019-04-06T03:26:50Z,Standard with Ads,6.00,0.00,6.00,6.00,renewal,2
2019-04-01-12-churn,2019-04-01,49321,12,2019-01-04T03:26:50Z,2019-04-06T03:26:50Z,Standard with Ads,0.00,-6.00,0.00,6.00,churn,
2019-01-01-13-new,2019-01-01,35355,13,2019-01-04T04:33:47Z,2019-04-07T04:33:47Z,Standard with Ads,6.00,6.00,0.00,0.00,new,0
2019-02-01-13-renewal,2019-02-01,35355,13,2019-01-04T04:33:47Z,2019-04-07T04:33:47Z,Standard with Ads,6.00,0.00,6.00,6.00,renewal,1
2019-03-01-13-renewal,2019-03-01,35355,13,2019-01-04T04:33:47Z,2019-04-07T04:33:47Z,Standard with Ads,6.00,0.00,6.00,6.00,renewal,2
2019-04-01-13-churn,2019-04-01,35355,13,2019-01-04T04:33:47Z,2019-04-07T04:33:47Z,Standard with Ads,0.00,-6.00,0.00,6.00,churn,
2019-01-01-14-new,2019-01-01,7708,14,2019-01-04T07:41:51Z,2019-02-25T07:41:51Z,Basic,10.00,10.00,0.00,0.00,new,0
2019-02-01-14-churn,2019-02-01,7708,14,2019-01-04T07:41:51Z,2019-02-25T07:41:51Z,Basic,0.00,-10.00,0.00,10.00,churn,
2019-01-01-15-new,2019-01-01,67513,15,2019-01-04T09:20:06Z,2019-02-27T09:20:06Z,Basic,10.00,10.00,0.00,0.00,new,0
2019-02-01-15-churn,2019-02-01,67513,15,2019-01-04T09:20:06Z,2019-02-27T09:20:06Z,Basic,0.00,-10.00,0.00,10.00,churn,
2019-01-01-16-new,2019-01-01,77320,16,2019-01-04T09:21:34Z,2019-02-20T09:21:34Z,Standard with Ads,6.00,6.00,0.00,0.00,new,0
2019-02-01-16-churn,2019-02-01,77320,16,2019-01-04T09:21:34Z,2019-02-20T09:21:34Z,Standard with Ads,0.00,-6.00,0.00,6.00,churn,
2019-01-01-17-new,2019-01-01,80657,17,2019-01-04T10:17:09Z,2019-03-22T10:17:09Z,Basic,10.00,10.00,0.00,0.00,new,0
2019-02-01-17-renewal,2019-02-01,80657,17,2019-01-04T10:17:09Z,2019-03-22T10:17:09Z,Basic,10.00,0.00,10.00,10.00,renewal,1
2019-03-01-17-churn,2019-03-01,80657,17,2019-01-04T10:17:09Z,2019-03-22T10:17:09Z,Basic,0.00,-10.00,0.00,10.00,churn,
2019-01-01-18-new,2019-01-01,56556,18,2019-01-04T10:33:24Z,2019-04-07T10:33:24Z,Basic,10.00,10.00,0.00,0.00,new,0
2019-02-01-18-renewal,2019-02-01,56556,18,2019-01-04T10:33:24Z,2019-04-07T10:33:24Z,Basic,10.00,0.00,10.00,10.00,renewal,1
2019-03-01-18-renewal,2019-03-01,56556,18,2019-01-04T10:33:24Z,2019-04-07T10:33:24Z,Basic,10.00,0.00,10.00,10.00,renewal,2
2019-04-01-18-churn,2019-04-01,56556,18,2019-01-04T10:33:24Z,2019-04-07T10:33:24Z,Basic,0.00,-10.00,0.00,10.00,churn,
2019-01-01-19-new,2019-01-01,73435,19,2019-01-04T11:02:55Z,2019-02-17T11:02:55Z,Basic,10.00,10.00,0.00,0.00,new,0
2019-02-01-19-churn,2019-02-01,73435,19,2019-01-04T11:02:55Z,2019-02-17T11:02:55Z,Basic,0.00,-10.00,0.00,10.00,churn,
2019-01-01-20-new,2019-01-01,62650,20,2019-01-04T11:57:16Z,2019-02-13T11:57:16Z,Basic,10.00,10.00,0.00,0.00,new,0
2019-02-01-20-churn,2019-02-01,62650,20,2019-01-04T11:57:16Z,2019-02-13T11:57:16Z,Basic,0.00,-10.00,0.00,10.00,churn,
2019-01-01-21-new,2019-01-01,62050,21,2019-01-04T12:12:27Z,2019-03-09T12:12:27Z,Standard with Ads,6.00,6.00,0.00,0.00,new,0
2019-02-01-21-renewal,2019-02-01,62050,21,2019-01-04T12:12:27Z,2019-03-09T12:12:27Z,Standard with Ads,6.00,0.00,6.00,6.00,renewal,1
2019-03-01-21-churn,2019-03-01,62050,21,2019-01-04T12:12:27Z,2019-03-09T12:12:27Z,Standard with Ads,0.00,-6.00,0.00,6.00,churn,
2019-01-01-22-new,2019-01-01,3622,22,2019-01-04T13:15:04Z,2019-02-19T13:15:04Z,Basic,10.00,10.00,0.00,0.00,new,0
2019-02-01-22-churn,2019-02-01,3622,22,2019-01-04T13:15:04Z,2019-02-19T13:15:04Z,Basic,0.00,-10.00,0.00,10.00,churn,
2019-01-01-23-new,2019-01-01,89972,23,2019-01-04T18:02:57Z,2019-04-04T18:02:57Z,Standard with Ads,6.00,6.00,0.00,0.00,new,0
2019-02-01-23-renewal,2019-02-01,89972,23,2019-01-04T18:02:57Z,2019-04-04T18:02:57Z,Standard with Ads,6.00,0.00,6.00,6.00,renewal,1
2019-03-01-23-renewal,2019-03-01,89972,23,2019-01-04T18:02:57Z,2019-04-04T18:02:57Z,Standard with Ads,6.00,0.00,6.00,6.00,renewal,2
2019-04-01-23-churn,2019-04-01,89972,23,2019-01-04T18:02:57Z,2019-04-04T18:02:57Z,Standard with Ads,0.00,-6.00,0.00,6.00,churn,
2019-01-01-24-new,2019-01-01,637,24,2019-01-04T18:52:50Z,,Basic,10.00,10.00,0.00,0.00,new,0
2019-02-01-24-renewal,2019-02-01,637,24,2019-01-04T18:52:50Z,,Basic,10.00,0.00,10.00,10.00,renewal,1
2019-03-01-24-renewal,2019-03-01,637,24,2019-01-04T18:52:50Z,,Basic,10.00,0.00,10.00,10.00,renewal,2
2019-04-01-24-renewal,2019-04-01,637,24,2019-01-04T18:52:50Z,,Basic,10.00,0.00,10.00,10.00,renewal,3
2019-05-01-24-churn,2019-05-01,637,24,2019-01-04T18:52:50Z,,Basic,0.00,-10.00,0.00,10.00,churn,
2019-01-01-25-new,2019-01-01,79509,25,2019-01-04T18:54:31Z,,Basic,10.00,10.00,0.00,0.00,new,0
2019-02-01-25-renewal,2019-02-01,79509,25,2019-01-04T18:54:31Z,,Basic,10.00,0.00,10.00,10.00,renewal,1
2019-03-01-25-renewal,2019-03-01,79509,25,2019-01-04T18:54:31Z,,Basic,10.00,0.00,10.00,10.00,renewal,2
2019-04-01-25-renewal,2019-04-01,79509,25,2019-01-04T18:54:31Z,,Basic,10.00,0.00,10.00,10.00,renewal,3
2019-05-01-25-churn,2019-05-01,79509,25,2019-01-04T18:54:31Z,,Basic,0.00,-10.00,0.00,10.00,churn,
2019-01-01-26-new,2019-01-01,90371,26,2019-01-04T19:16:56Z,,Basic,10.00,10.00,0.00,0.00,new,0
2019-02-01-26-renewal,2019-02-01,90371,26,2019-01-04T19:16:56Z,,Basic,10.00,0.00,10.00,10.00,renewal,1
2019-03-01-26-renewal,2019-03-01,90371,26,2019-01-04T19:16:56Z,,Basic,10.00,0.00,10.00,10.00,renewal,2
2019-04-01-26-renewal,2019-04-01,90371,26,2019-01-04T19:16:56Z,,Basic,10.00,0.00,10.00,10.00,renewal,3
2019-05-01-26-churn,2019-05-01,90371,26,2019-01-04T19:16:56Z,,Basic,0.00,-10.00,0.00,10.00,churn,
2019-01-01-27-new,2019-01-01,26851,27,2019-01-04T20:15:40Z,2019-02-21T20:15:40Z,Standard with Ads,6.00,6.00,0.00,0.00,new,0
2019-02-01-27-churn,2019-02-01,26851,27,2019-01-04T20:15:40Z,2019-02-21T20:15:40Z,Standard with Ads,0.00,-6.00,0.00,6.00,churn,
2019-01-01-28-new,2019-01-01,13081,28,2019-01-04T22:11:25Z,2019-01-08T22:11:25Z,Basic,10.00,10.00,0.00,0.00,new,0
2019-02-01-28-churn,2019-02-01,13081,28,2019-01-04T22:11:25Z,2019-01-08T22:11:25Z,Basic,0.00,-10.00,0.00,10.00,churn,
2019-01-01-29-new,2019-01-01,54930,29,2019-01-04T22:49:02Z,2019-03-14T22:49:02Z,Standard with Ads,6.00,6.00,0.00,0.00,new,0
2019-02-01-29-renewal,2019-02-01,54930,29,2019-01-04T22:49:02Z,2019-03-14T22:49:02Z,Standard with Ads,6.00,0.00,6.00,6.00,renewal,1
2019-03-01-29-churn,2019-03-01,54930,29,2019-01-04T22:49:02Z,2019-03-14T22:49:02Z,Standard with Ads,0.00,-6.00,0.00,6.00,churn,
2019-01-01-30-new,2019-01-01,44208,30,2019-01-04T22:49:42Z,2019-02-19T22:49:42Z,Standard with Ads,6.00,6.00,0.00,0.00,new,0
2019-02-01-30-churn,2019-02-01,44208,30,2019-01-04T22:49:42Z,2019-02-19T22:49:42Z,Standard with Ads,0.00,-6.00,0.00,6.00,churn,
2019-01-01-31-new,2019-01-01,57141,31,2019-01-05T02:43:39Z,2019-01-21T02:43:39Z,Basic,10.00,10.00,0.00,0.00,new,0
2019-02-01-31-churn,2019-02-01,57141,31,2019-01-05T02:43:39Z,2019-01-21T02:43:39Z,Basic,0.00,-10.00,0.00,10.00,churn,
2019-01-01-32-new,2019-01-01,87140,32,2019-01-05T04:57:19Z,,Basic,10.00,10.00,0.00,0.00,new,0
2019-02-01-32-renewal,2019-02-01,87140,32,2019-01-05T04:57:19Z,,Basic,10.00,0.00,10.00,10.00,renewal,1
2019-03-01-32-renewal,2019-03-01,87140,32,2019-01-05T04:57:19Z,,Basic,10.00,0.00,10.00,10.00,renewal,2
2019-04-01-32-renewal,2019-04-01,87140,32,2019-01-05T04:57:19Z,,Basic,10.00,0.00,10.00,10.00,renewal,3
2019-05-01-32-churn,2019-05-01,87140,32,2019-01-05T04:57:19Z,,Basic,0.00,-10.00,0.00,10.00,churn,
2019-01-01-33-new,2019-01-01,14878,33,2019-01-05T05:00:41Z,2019-03-25T05:00:41Z,Standard with Ads,6.00,6.00,0.00,0.00,new,0
2019-02-01-33-renewal,2019-02-01,14878,33,2019-01-05T05:00:41Z,2019-03-25T05:00:41Z,Standard with Ads,6.00,0.00,6.00,6.00,renewal,1
2019-03-01-33-churn,2019-03-01,14878,33,2019-01-05T05:00:41Z,2019-03-25T05:00:41Z,Standard with Ads,0.00,-6.00,0.00,6.00,churn,
2019-01-01-34-new,2019-01-01,60092,34,2019-01-05T08:12:16Z,2019-03-06T08:12:16Z,Standard with Ads,6.00,6.00,0.00,0.00,new,0
2019-02-01-34-renewal,2019-02-01,60092,34,2019-01-05T08:12:16Z,2019-03-06T08:12:16Z,Standard with Ads,6.00,0.00,6.00,6.00,renewal,1
2019-03-01-34-churn,2019-03-01,60092,34,2019-01-05T08:12:16Z,2019-03-06T08:12:16Z,Standard with Ads,0.00,-6.00,0.00,6.00,churn,
2019-01-01-35-new,2019-01-01,95004,35,2019-01-05T08:54:17Z,2019-04-12T08:54:17Z,Standard with Ads,6.00,6.00,0.00,0.00,new,0
2019-02-01-35-renewal,2019-02-01,95004,35,2019-01-05T08:54:17Z,2019-04-12T08:54:17Z,Standard with Ads,6.00,0.00,6.00,6.00,renewal,1
2019-03-01-35-renewal,2019-03-01,95004,35,2019-01-05T08:54:17Z,2019-04-12T08:54:17Z,Standard with Ads,6.00,0.00,6.00,6.00,renewal,2
2019-04-01-35-churn,2019-04-01,95004,35,2019-01-05T08:54:17Z,2019-04-12T08:54:17Z,Standard with Ads,0.00,-6.00,0.00,6.00,churn,
2019-01-01-36-new,2019-01-01,30569,36,2019-01-05T09:31:42Z,2019-02-14T09:31:42Z,Standard with Ads,6.00,6.00,0.00,0.00,new,0
2019-02-01-36-churn,2019-02-01,30569,36,2019-01-05T09:31:42Z,2019-02-14T09:31:42Z,Standard with Ads,0.00,-6.00,0.00,6.00,churn,
2019-01-01-37-new,2019-01-01,50136,37,2019-01-05T09:58:38Z,,Standard with Ads,6.00,6.00,0.00,0.00,new,0
2019-02-01-37-renewal,2019-02-01,50136,37,2019-01-05T09:58:38Z,,Standard with Ads,6.00,0.00,6.00,6.00,renewal,1
2019-03-01-37-renewal,2019-03-01,50136,37,2019-01-05T09:58:38Z,,Standard with Ads,6.00,0.00,6.00,6.00,renewal,2
2019-04-01-37-renewal,2019-04-01,50136,37,2019-01-05T09:58:38Z,,Standard with Ads,6.00,0.00,6.00,6.00,renewal,3
2019-05-01-37-churn,2019-05-01,50136,37,2019-01-05T09:58:38Z,,Standard with Ads,0.00,-6.00,0.00,6.00,churn,
2019-01-01-38-new,2019-01-01,63943,38,2019-01-05T12:09:56Z,2019-03-16T12:09:56Z,Basic,10.00,10.00,0.00,0.00,new,0
2019-02-01-38-renewal,2019-02-01,63943,38,2019-01-05T12:09:56Z,2019-03-16T12:09:56Z,Basic,10.00,0.00,10.00,10.00,renewal,1
2019-03-01-38-churn,2019-03-01,63943,38,2019-01-05T12:09:56Z,2019-03-16T12:09:56Z,Basic,0.00,-10.00,0.00,10.00,churn,
2019-01-01-39-new,2019-01-01,1773,39,2019-01-05T14:21:23Z,2019-04-12T14:21:23Z,Basic,10.00,10.00,0.00,0.00,new,0
2019-02-01-39-renewal,2019-02-01,1773,39,2019-01-05T14:21:23Z,2019-04-12T14:21:23Z,Basic,10.00,0.00,10.00,10.00,renewal,1
2019-03-01-39-renewal,2019-03-01,1773,39,2019-01-05T14:21:23Z,2019-04-12T14:21:23Z,Basic,10.00,0.00,10.00,10.00,renewal,2
2019-04-01-39-churn,2019-04-01,1773,39,2019-01-05T14:21:23Z,2019-04-12T14:21:23Z,Basic,0.00,-10.00,0.00,10.00,churn,
2019-01-01-40-new,2019-01-01,2966,40,2019-01-05T15:26:39Z,,Standard with Ads,6.00,6.00,0.00,0.00,new,0
2019-02-01-40-renewal,2019-02-01,2966,40,2019-01-05T15:26:39Z,,Standard with Ads,6.00,0.00,6.00,6.00,renewal,1
2019-03-01-40-renewal,2019-03-01,2966,40,2019-01-05T15:26:39Z,,Standard with Ads,6.00,0.00,6.00,6.00,renewal,2
2019-04-01-40-renewal,2019-04-01,2966,40,2019-01-05T15:26:39Z,,Standard with Ads,6.00,0.00,6.00,6.00,renewal,3
2019-05-01-40-churn,2019-05-01,2966,40,2019-01-05T15:26:39Z,,Standard with Ads,0.00,-6.00,0.00,6.00,churn,
2019-01-01-41-new,2019-01-01,60627,41,2019-01-05T17:11:54Z,2019-02-10T17:11:54Z,Basic,10.00,10.00,0.00,0.00,new,0
2019-02-01-41-churn,2019-02-01,60627,41,2019-01-05T17:11:54Z,2019-02-10T17:11:54Z,Basic,0.00,-10.00,0.00,10.00,churn,
2019-01-01-42-new,2019-01-01,60220,42,2019-01-05T19:20:30Z,,Standard with Ads,6.00,6.00,0.00,0.00,new,0
2019-02-01-42-renewal,2019-02-01,60220,42,2019-01-05T19:20:30Z,,Standard with Ads,6.00,0.00,6.00,6.00,renewal,1
2019-03-01-42-renewal,2019-03-01,60220,42,2019-01-05T19:20:30Z,,Standard with Ads,6.00,0.00,6.00,6.00,renewal,2
2019-04-01-42-renewal,2019-04-01,60220,42,2019-01-05T19:20:30Z,,Standard with Ads,6.00,0.00,6.00,6.00,renewal,3
2019-05-01-42-churn,2019-05-01,60220,42,2019-01-05T19:20:30Z,,Standard with Ads,0.00,-6.00,0.00,6.00,churn,
2019-01-01-43-new,2019-01-01,65827,43,2019-01-05T20:06:59Z,2019-03-30T20:06:59Z,Standard with Ads,6.00,6.00,0.00,0.00,new,0
2019-02-01-43-renewal,2019-02-01,65827,43,2019-01-05T20:06:59Z,2019-03-30T20:06:59Z,Standard with Ads,6.00,0.00,6.00,6.00,renewal,1
2019-03-01-43-churn,2019-03-01,65827,43,2019-01-05T20:06:59Z,2019-03-30T20:06:59Z,Standard with Ads,0.00,-6.00,0.00,6.00,churn,
2019-01-01-44-new,2019-01-01,14334,44,2019-01-05T20:25:15Z,2019-02-22T20:25:15Z,Basic,10.00,10.00,0.00,0.00,new,0
2019-02-01-44-churn,2019-02-01,14334,44,2019-01-05T20:25:15Z,2019-02-22T20:25:15Z,Basic,0.00,-10.00,0.00,10.00,churn,
2019-01-01-45-new,2019-01-01,17437,45,2019-01-05T20:35:40Z,2019-01-24T20:35:40Z,Basic,10.00,10.00,0.00,0.00,new,0
2019-02-01-45-churn,2019-02-01,17437,45,2019-01-05T20:35:40Z,2019-01-24T20:35:40Z,Basic,0.00,-10.00,0.00,10.00,churn,
2019-01-01-46-new,2019-01-01,63505,46,2019-01-05T23:01:40Z,,Standard with Ads,6.00,6.00,0.00,0.00,new,0
2019-02-01-46-renewal,2019-02-01,63505,46,2019-01-05T23:01:40Z,,Standard with Ads,6.00,0.00,6.00,6.00,renewal,1
2019-03-01-46-renewal,2019-03-01,63505,46,2019-01-05T23:01:40Z,,Standard with Ads,6.00,0.00,6.00,6.00,renewal,2
2019-04-01-46-renewal,2019-04-01,63505,46,2019-01-05T23:01:40Z,,Standard with Ads,6.00,0.00,6.00,6.00,renewal,3
2019-05-01-46-churn,2019-05-01,63505,46,2019-01-05T23:01:40Z,,Standard with Ads,0.00,-6.00,0.00,6.00,churn,
2019-01-01-47-new,2019-01-01,11879,47,2019-01-05T23:03:47Z,2019-03-02T23:03:47Z,Basic,10.00,10.00,0.00,0.00,new,0
2019-02-01-47-renewal,2019-02-01,11879,47,2019-01-05T23:03:47Z,2019-03-02T23:03:47Z,Basic,10.00,0.00,10.00,10.00,renewal,1
2019-03-01-47-churn,2019-03-01,11879,47,2019-01-05T23:03:47Z,2019-03-02T23:03:47Z,Basic,0.00,-10.00,0.00,10.00,churn,
2019-01-01-48-new,2019-01-01,93706,48,2019-01-05T23:06:32Z,2019-01-11T23:06:32Z,Basic,10.00,10.00,0.00,0.00,new,0
2019-02-01-48-churn,2019-02-01,93706,48,2019-01-05T23:06:32Z,2019-01-11T23:06:32Z,Basic,0.00,-10.00,0.00,10.00,churn,
2019-01-01-49-new,2019-01-01,98991,49,2019-01-05T23:51:01Z,2019-02-17T23:51:01Z,Basic,10.00,10.00,0.00,0.00,new,0
2019-02-01-49-churn,2019-02-01,98991,49,2019-01-05T23:51:01Z,2019-02-17T23:51:01Z,Basic,0.00,-10.00,0.00,10.00,churn,
2019-01-01-50-new,2019-01-01,33522,50,2019-01-06T00:45:32Z,2019-03-09T00:45:32Z,Basic,10.00,10.00,0.00,0.00,new,0
2019-02-01-50-renewal,2019-02-01,33522,50,2019-01-06T00:45:32Z,2019-03-09T00:45:32Z,Basic,10.00,0.00,10.00,10.00,renewal,1
2019-03-01-50-churn,2019-03-01,33522,50,2019-01-06T00:45:32Z,2019-03-09T00:45:32Z,Basic,0.00,-10.00,0.00,10.00,churn,
2019-01-01-51-new,2019-01-01,39607,51,2019-01-06T01:16:42Z,2019-02-24T01:16:42Z,Basic,10.00,10.00,0.00,0.00,new,0
2019-02-01-51-churn,2019-02-01,39607,51,2019-01-06T01:16:42Z,2019-02-24T01:16:42Z,Basic,0.00,-10.00,0.00,10.00,churn,
2019-01-01-52-new,2019-01-01,91226,52,2019-01-06T03:10:50Z,2019-02-26T03:10:50Z,Basic,10.00,10.00,0.00,0.00,new,0
2019-02-01-52-churn,2019-02-01,91226,52,2019-01-06T03:10:50Z,2019-02-26T03:10:50Z,Basic,0.00,-10.00,0.00,10.00,churn,
2019-01-01-53-new,2019-01-01,58223,53,2019-01-06T03:59:21Z,2019-04-05T03:59:21Z,Basic,10.00,10.00,0.00,0.00,new,0
2019-02-01-53-renewal,2019-02-01,58223,53,2019-01-06T03:59:21Z,2019-04-05T03:59:21Z,Basic,10.00,0.00,10.00,10.00,renewal,1
2019-03-01-53-renewal,2019-03-01,58223,53,2019-01-06T03:59:21Z,2019-04-05T03:59:21Z,Basic,10.00,0.00,10.00,10.00,renewal,2
2019-04-01-53-churn,2019-04-01,58223,53,2019-01-06T03:59:21Z,2019-04-05T03:59:21Z,Basic,0.00,-10.00,0.00,10.00,churn,
2019-01-01-54-new,2019-01-01,88815,54,2019-01-06T06:01:47Z,2019-04-07T06:01:47Z,Basic,10.00,10.00,0.00,0.00,new,0
2019-02-01-54-renewal,2019-02-01,88815,54,2019-01-06T06:01:47Z,2019-04-07T06:01:47Z,Basic,10.00,0.00,10.00,10.00,renewal,1
2019-03-01-54-renewal,2019-03-01,88815,54,2019-01-06T06:01:47Z,2019-04-07T06:01:47Z,Basic,10.00,0.00,10.00,10.00,renewal,2
2019-04-01-54-churn,2019-04-01,88815,54,2019-01-06T06:01:47Z,2019-04-07T06:01:47Z,Basic,0.00,-10.00,0.00,10.00,churn,
2019-01-01-55-new,2019-01-01,31945,55,2019-01-06T06:32:13Z,2019-03-08T06:32:13Z,Basic,10.00,10.00,0.00,0.00,new,0
2019-02-01-55-renewal,2019-02-01,31945,55,2019-01-06T06:32:13Z,2019-03-08T06:32:13Z,Basic,10.00,0.00,10.00,10.00,renewal,1
2019-03-01-55-churn,2019-03-01,31945,55,2019-01-06T06:32:13Z,2019-03-08T06:32:13Z,Basic,0.00,-10.00,0.00,10.00,churn,
2019-01-01-56-new,2019-01-01,53290,56,2019-01-06T08:56:41Z,2019-01-08T08:56:41Z,Basic,10.00,10.00,0.00,0.00,new,0
2019-02-01-56-churn,2019-02-01,53290,56,2019-01-06T08:56:41Z,2019-01-08T08:56:41Z,Basic,0.00,-10.00,0.00,10.00,churn,
2019-01-01-57-new,2019-01-01,58001,57,2019-01-06T10:23:05Z,2019-02-14T10:23:05Z,Standard with Ads,6.00,6.00,0.00,0.00,new,0
2019-02-01-57-churn,2019-02-01,58001,57,2019-01-06T10:23:05Z,2019-02-14T10:23:05Z,Standard with Ads,0.00,-6.00,0.00,6.00,churn,
2019-01-01-58-new,2019-01-01,61506,58,2019-01-06T10:28:30Z,2019-01-21T10:28:30Z,Basic,10.00,10.00,0.00,0.00,new,0
2019-02-01-58-churn,2019-02-01,61506,58,2019-01-06T10:28:30Z,2019-01-21T10:28:30Z,Basic,0.00,-10.00,0.00,10.00,churn,
2019-01-01-59-new,2019-01-01,17646,59,2019-01-06T11:48:18Z,,Standard with Ads,6.00,6.00,0.00,0.00,new,0
2019-02-01-59-renewal,2019-02-01,17646,59,2019-01-06T11:48:18Z,,Standard with Ads,6.00,0.00,6.00,6.00,renewal,1
2019-03-01-59-renewal,2019-03-01,17646,59,2019-01-06T11:48:18Z,,Standard with Ads,6.00,0.00,6.00,6.00,renewal,2
2019-04-01-59-renewal,2019-04-01,17646,59,2019-01-06T11:48:18Z,,Standard with Ads,6.00,0.00,6.00,6.00,renewal,3
2019-05-01-59-churn,2019-05-01,17646,59,2019-01-06T11:48:18Z,,Standard with Ads,0.00,-6.00,0.00,6.00,churn,
2019-01-01-60-new,2019-01-01,69402,60,2019-01-06T12:19:52Z,2019-02-07T12:19:52Z,Standard with Ads,6.00,6.00,0.00,0.00,new,0
2019-02-01-60-churn,2019-02-01,69402,60,2019-01-06T12:19:52Z,2019-02-07T12:19:52Z,Standard with Ads,0.00,-6.00,0.00,6.00,churn,
2019-01-01-61-new,2019-01-01,32385,61,2019-01-06T13:00:30Z,2019-03-02T13:00:30Z,Basic,10.00,10.00,0.00,0.00,new,0
2019-02-01-61-renewal,2019-02-01,32385,61,2019-01-06T13:00:30Z,2019-03-02T13:00:30Z,Basic,10.00,0.00,10.00,10.00,renewal,1
2019-03-01-61-churn,2019-03-01,32385,61,2019-01-06T13:00:30Z,2019-03-02T13:00:30Z,Basic,0.00,-10.00,0.00,10.00,churn,
2019-01-01-62-new,2019-01-01,40525,62,2019-01-06T13:02:15Z,2019-03-07T13:02:15Z,Basic,10.00,10.00,0.00,0.00,new,0
2019-02-01-62-renewal,2019-02-01,40525,62,2019-01-06T13:02:15Z,2019-03-07T13:02:15Z,Basic,10.00,0.00,10.00,10.00,renewal,1
2019-03-01-62-churn,2019-03-01,40525,62,2019-01-06T13:02:15Z,2019-03-07T13:02:15Z,Basic,0.00,-10.00,0.00,10.00,churn,
2019-01-01-63-new,2019-01-01,6486,63,2019-01-06T13:45:16Z,2019-03-31T13:45:16Z,Basic,10.00,10.00,0.00,0.00,new,0
2019-02-01-63-renewal,2019-02-01,6486,63,2019-01-06T13:45:16Z,2019-03-31T13:45:16Z,Basic,10.00,0.00,10.00,10.00,renewal,1
2019-03-01-63-churn,2019-03-01,6486,63,2019-01-06T13:45:16Z,2019-03-31T13:45:16Z,Basic,0.00,-10.00,0.00,10.00,churn,
2019-01-01-64-new,2019-01-01,75403,64,2019-01-06T14:59:59Z,2019-03-10T14:59:59Z,Standard with Ads,6.00,6.00,0.00,0.00,new,0
2019-02-01-64-renewal,2019-02-01,75403,64,2019-01-06T14:59:59Z,2019-03-10T14:59:59Z,Standard with Ads,6.00,0.00,6.00,6.00,renewal,1
2019-03-01-64-churn,2019-03-01,75403,64,2019-01-06T14:59:59Z,2019-03-10T14:59:59Z,Standard with Ads,0.00,-6.00,0.00,6.00,churn,
2019-01-01-65-new,2019-01-01,64918,65,2019-01-06T16:18:09Z,2019-04-12T16:18:09Z,Standard with Ads,6.00,6.00,0.00,0.00,new,0
2019-02-01-65-renewal,2019-02-01,64918,65,2019-01-06T16:18:09Z,2019-04-12T16:18:09Z,Standard with Ads,6.00,0.00,6.00,6.00,renewal,1
2019-03-01-65-renewal,2019-03-01,64918,65,2019-01-06T16:18:09Z,2019-04-12T16:18:09Z,Standard with Ads,6.00,0.00,6.00,6.00,renewal,2
2019-04-01-65-churn,2019-04-01,64918,65,2019-01-06T16:18:09Z,2019-04-12T16:18:09Z,Standard with Ads,0.00,-6.00,0.00,6.00,churn,
2019-01-01-66-new,2019-01-01,24341,66,2019-01-06T16:25:05Z,2019-03-06T16:25:05Z,Basic,10.00,10.00,0.00,0.00,new,0
2019-02-01-66-renewal,2019-02-01,24341,66,2019-01-06T16:25:05Z,2019-03-06T16:25:05Z,Basic,10.00,0.00,10.00,10.00,renewal,1
2019-03-01-66-churn,2019-03-01,24341,66,2019-01-06T16:25:05Z,2019-03-06T16:25:05Z,Basic,0.00,-10.00,0.00,10.00,churn,
2019-01-01-67-new,2019-01-01,26795,67,2019-01-06T17:02:32Z,2019-01-19T17:02:32Z,Standard with Ads,6.00,6.00,0.00,0.00,new,0
2019-02-01-67-churn,2019-02-01,26795,67,2019-01-06T17:02:32Z,2019-01-19T17:02:32Z,Standard with Ads,0.00,-6.00,0.00,6.00,churn,
2019-01-01-68-new,2019-01-01,73516,68,2019-01-06T17:17:55Z,2019-02-28T17:17:55Z,Standard with Ads,6.00,6.00,0.00,0.00,new,0
2019-02-01-68-churn,2019-02-01,73516,68,2019-01-06T17:17:55Z,2019-02-28T17:17:55Z,Standard with Ads,0.00,-6.00,0.00,6.00,churn,
2019-01-01-69-new,2019-01-01,410,69,2019-01-06T17:56:51Z,2019-03-04T17:56:51Z,Basic,10.00,10.00,0.00,0.00,new,0
2019-02-01-69-renewal,2019-02-01,410,69,2019-01-06T17:56:51Z,2019-03-04T17:56:51Z,Basic,10.00,0.00,10.00,10.00,renewal,1
2019-03-01-69-churn,2019-03-01,410,69,2019-01-06T17:56:51Z,2019-03-04T17:56:51Z,Basic,0.00,-10.00,0.00,10.00,churn,
2019-01-01-70-new,2019-01-01,63229,70,2019-01-06T18:36:01Z,,Basic,10.00,10.00,0.00,0.00,new,0
2019-02-01-70-renewal,2019-02-01,63229,70,2019-01-06T18:36:01Z,,Basic,10.00,0.00,10.00,10.00,renewal,1
2019-03-01-70-renewal,2019-03-01,63229,70,2019-01-06T18:36:01Z,,Basic,10.00,0.00,10.00,10.00,renewal,2
2019-04-01-70-renewal,2019-04-01,63229,70,2019-01-06T18:36:01Z,,Basic,10.00,0.00,10.00,10.00,renewal,3
2019-05-01-70-churn,2019-05-01,63229,70,2019-01-06T18:36:01Z,,Basic,0.00,-10.00,0.00,10.00,churn,
2019-01-01-71-new,2019-01-01,59244,71,2019-01-06T20:30:03Z,,Basic,10.00,10.00,0.00,0.00,new,0
2019-02-01-71-renewal,2019-02-01,59244,71,2019-01-06T20:30:03Z,,Basic,10.00,0.00,10.00,10.00,renewal,1
2019-03-01-71-renewal,2019-03-01,59244,71,2019-01-06T20:30:03Z,,Basic,10.00,0.00,10.00,10.00,renewal,2
2019-04-01-71-renewal,2019-04-01,59244,71,2019-01-06T20:30:03Z,,Basic,10.00,0.00,10.00,10.00,renewal,3
2019-05-01-71-churn,2019-05-01,59244,71,2019-01-06T20:30:03Z,,Basic,0.00,-10.00,0.00,10.00,churn,
2019-01-01-72-new,2019-01-01,10543,72,2019-01-06T21:01:33Z,,Standard with Ads,6.00,6.00,0.00,0.00,new,0
2019-02-01-72-renewal,2019-02-01,10543,72,2019-01-06T21:01:33Z,,Standard with Ads,6.00,0.00,6.00,6.00,renewal,1
2019-03-01-72-renewal,2019-03-01,10543,72,2019-01-06T21:01:33Z,,Standard with Ads,6.00,0.00,6.00,6.00,renewal,2
2019-04-01-72-renewal,2019-04-01,10543,72,2019-01-06T21:01:33Z,,Standard with Ads,6.00,0.00,6.00,6.00,renewal,3
2019-05-01-72-churn,2019-05-01,10543,72,2019-01-06T21:01:33Z,,Standard with Ads,0.00,-6.00,0.00,6.00,churn,
2019-01-01-73-new,2019-01-01,73066,73,2019-01-07T00:03:45Z,2019-03-10T00:03:45Z,Standard with Ads,6.00,6.00,0.00,0.00,new,0
2019-02-01-73-renewal,2019-02-01,73066,73,2019-01-07T00:03:45Z,2019-03-10T00:03:45Z,Standard with Ads,6.00,0.00,6.00,6.00,renewal,1
2019-03-01-73-churn,2019-03-01,73066,73,2019-01-07T00:03:45Z,2019-03-10T00:03:45Z,Standard with Ads,0.00,-6.00,0.00,6.00,churn,
2019-01-01-74-new,2019-01-01,40823,74,2019-01-07T01:00:14Z,2019-04-05T01:00:14Z,Standard with Ads,6.00,6.00,0.00,0.00,new,0
2019-02-01-74-renewal,2019-02-01,40823,74,2019-01-07T01:00:14Z,2019-04-05T01:00:14Z,Standard with Ads,6.00,0.00,6.00,6.00,renewal,1
2019-03-01-74-renewal,2019-03-01,40823,74,2019-01-07T01:00:14Z,2019-04-05T01:00:14Z,Standard with Ads,6.00,0.00,6.00,6.00,renewal,2
2019-04-01-74-churn,2019-04-01,40823,74,2019-01-07T01:00:14Z,2019-04-05T01:00:14Z,Standard with Ads,0.00,-6.00,0.00,6.00,churn,
2019-01-01-75-new,2019-01-01,46875,75,2019-01-07T01:45:21Z,2019-03-22T01:45:21Z,Basic,10.00,10.00,0.00,0.00,new,0
2019-02-01-75-renewal,2019-02-01,46875,75,2019-01-07T01:45:21Z,2019-03-22T01:45:21Z,Basic,10.00,0.00,10.00,10.00,renewal,1
2019-03-01-75-churn,2019-03-01,46875,75,2019-01-07T01:45:21Z,2019-03-22T01:45:21Z,Basic,0.00,-10.00,0.00,10.00,churn,
2019-01-01-76-new,2019-01-01,56680,76,2019-01-07T03:28:42Z,2019-03-24T03:28:42Z,Basic,10.00,10.00,0.00,0.00,new,0
2019-02-01-76-renewal,2019-02-01,56680,76,2019-01-07T03:28:42Z,2019-03-24T03:28:42Z,Basic,10.00,0.00,10.00,10.00,renewal,1
2019-03-01-76-churn,2019-03-01,56680,76,2019-01-07T03:28:42Z,2019-03-24T03:28:42Z,Basic,0.00,-10.00,0.00,10.00,churn,
2019-01-01-77-new,2019-01-01,71500,77,2019-01-07T03:53:23Z,2019-03-21T03:53:23Z,Standard with Ads,6.00,6.00,0.00,0.00,new,0
2019-02-01-77-renewal,2019-02-01,71500,77,2019-01-07T03:53:23Z,2019-03-21T03:53:23Z,Standard with Ads,6.00,0.00,6.00,6.00,renewal,1
2019-03-01-77-churn,2019-03-01,71500,77,2019-01-07T03:53:23Z,2019-03-21T03:53:23Z,Standard with Ads,0.00,-6.00,0.00,6.00,churn,
2019-01-01-78-new,2019-01-01,11854,78,2019-01-07T04:03:00Z,2019-01-27T04:03:00Z,Basic,10.00,10.00,0.00,0.00,new,0
2019-02-01-78-churn,2019-02-01,11854,78,2019-01-07T04:03:00Z,2019-01-27T04:03:00Z,Basic,0.00,-10.00,0.00,10.00,churn,
2019-01-01-79-new,2019-01-01,96252,79,2019-01-07T04:11:12Z,2019-04-08T04:11:12Z,Standard with Ads,6.00,6.00,0.00,0.00,new,0
2019-02-01-79-renewal,2019-02-01,96252,79,2019-01-07T04:11:12Z,2019-04-08T04:11:12Z,Standard with Ads,6.00,0.00,6.00,6.00,renewal,1
2019-03-01-79-renewal,2019-03-01,96252,79,2019-01-07T04:11:12Z,2019-04-08T04:11:12Z,Standard with Ads,6.00,0.00,6.00,6.00,renewal,2
2019-04-01-79-churn,2019-04-01,96252,79,2019-01-07T04:11:12Z,2019-04-08T04:11:12Z,Standard with Ads,0.00,-6.00,0.00,6.00,churn,
2019-01-01-80-new,2019-01-01,61882,80,2019-01-07T05:29:52Z,2019-02-16T05:29:52Z,Standard with Ads,6.00,6.00,0.00,0.00,new,0
2019-02-01-80-churn,2019-02-01,61882,80,2019-01-07T05:29:52Z,2019-02-16T05:29:52Z,Standard with Ads,0.00,-6.00,0.00,6.00,churn,
2019-01-01-81-new,2019-01-01,87437,81,2019-01-07T05:41:35Z,2019-01-19T05:41:35Z,Standard with Ads,6.00,6.00,0.00,0.00,new,0
2019-02-01-81-churn,2019-02-01,87437,81,2019-01-07T05:41:35Z,2019-01-19T05:41:35Z,Standard with Ads,0.00,-6.00,0.00,6.00,churn,
2019-01-01-82-new,2019-01-01,39729,82,2019-01-07T05:55:51Z,2019-03-31T05:55:51Z,Standard with Ads,6.00,6.00,0.00,0.00,new,0
2019-02-01-82-renewal,2019-02-01,39729,82,2019-01-07T05:55:51Z,2019-03-31T05:55:51Z,Standard with Ads,6.00,0.00,6.00,6.00,renewal,1
2019-03-01-82-churn,2019-03-01,39729,82,2019-01-07T05:55:51Z,2019-03-31T05:55:51Z,Standard with Ads,0.00,-6.00,0.00,6.00,churn,
2019-01-01-83-new,2019-01-01,54519,83,2019-01-07T06:25:29Z,2019-01-18T06:25:29Z,Basic,10.00,10.00,0.00,0.00,new,0
2019-02-01-83-churn,2019-02-01,54519,83,2019-01-07T06:25:29Z,2019-01-18T06:25:29Z,Basic,0.00,-10.00,0.00,10.00,churn,
2019-01-01-84-new,2019-01-01,17271,84,2019-01-07T08:29:43Z,2019-02-01T08:29:43Z,Basic,10.00,10.00,0.00,0.00,new,0
2019-02-01-84-churn,2019-02-01,17271,84,2019-01-07T08:29:43Z,2019-02-01T08:29:43Z,Basic,0.00,-10.00,0.00,10.00,churn,
2019-01-01-85-new,2019-01-01,39879,85,2019-01-07T08:52:04Z,2019-02-20T08:52:04Z,Standard with Ads,6.00,6.00,0.00,0.00,new,0
2019-02-01-85-churn,2019-02-01,39879,85,2019-01-07T08:52:04Z,2019-02-20T08:52:04Z,Standard with Ads,0.00,-6.00,0.00,6.00,churn,
2019-01-01-86-new,2019-01-01,74702,86,2019-01-07T09:49:29Z,2019-04-10T09:49:29Z,Standard with Ads,6.00,6.00,0.00,0.00,new,0
2019-02-01-86-renewal,2019-02-01,74702,86,2019-01-07T09:49:29Z,2019-04-10T09:49:29Z,Standard with Ads,6.00,0.00,6.00,6.00,renewal,1
2019-03-01-86-renewal,2019-03-01,74702,86,2019-01-07T09:49:29Z,2019-04-10T09:49:29Z,Standard with Ads,6.00,0.00,6.00,6.00,renewal,2
2019-04-01-86-churn,2019-04-01,74702,86,2019-01-07T09:49:29Z,2019-04-10T09:49:29Z,Standard with Ads,0.00,-6.00,0.00,6.00,churn,
2019-01-01-87-new,2019-01-01,94074,87,2019-01-07T10:59:36Z,,Basic,10.00,10.00,0.00,0.00,new,0
2019-02-01-87-renewal,2019-02-01,94074,87,2019-01-07T10:59:36Z,,Basic,10.00,0.00,10.00,10.00,renewal,1
2019-03-01-87-renewal,2019-03-01,94074,87,2019-01-07T10:59:36Z,,Basic,10.00,0.00,10.00,10.00,renewal,2
2019-04-01-87-renewal,2019-04-01,94074,87,2019-01-07T10:59:36Z,,Basic,10.00,0.00,10.00,10.00,renewal,3
2019-05-01-87-churn,2019-05-01,94074,87,2019-01-07T10:59:36Z,,Basic,0.00,-10.00,0.00,10.00,churn,
2019-01-01-88-new,2019-01-01,71522,88,2019-01-07T11:13:10Z,2019-04-07T11:13:10Z,Basic,10.00,10.00,0.00,0.00,new,0
2019-02-01-88-renewal,2019-02-01,71522,88,2019-01-07T11:13:10Z,2019-04-07T11:13:10Z,Basic,10.00,0.00,10.00,10.00,renewal,1
2019-03-01-88-renewal,2019-03-01,71522,88,2019-01-07T11:13:10Z,2019-04-07T11:13:10Z,Basic,10.00,0.00,10.00,10.00,renewal,2
2019-04-01-88-churn,2019-04-01,71522,88,2019-01-07T11:13:10Z,2019-04-07T11:13:10Z,Basic,0.00,-10.00,0.00,10.00,churn,
2019-01-01-89-new,2019-01-01,27526,89,2019-01-07T13:53:23Z,2019-01-20T13:53:23Z,Basic,10.00,10.00,0.00,0.00,new,0
2019-02-01-89-churn,2019-02-01,27526,89,2019-01-07T13:53:23Z,2019-01-20T13:53:23Z,Basic,0.00,-10.00,0.00,10.00,churn,
2019-01-01-90-new,2019-01-01,42083,90,2019-01-07T14:43:06Z,,Basic,10.00,10.00,0.00,0.00,new,0
2019-02-01-90-renewal,2019-02-01,42083,90,2019-01-07T14:43:06Z,,Basic,10.00,0.00,10.00,10.00,renewal,1
2019-03-01-90-renewal,2019-03-01,42083,90,2019-01-07T14:43:06Z,,Basic,10.00,0.00,10.00,10.00,renewal,2
2019-04-01-90-renewal,2019-04-01,42083,90,2019-01-07T14:43:06Z,,Basic,10.00,0.00,10.00,10.00,renewal,3
2019-05-01-90-churn,2019-05-01,42083,90,2019-01-07T14:43:06Z,,Basic,0.00,-10.00,0.00,10.00,churn,
2019-01-01-91-new,2019-01-01,53979,91,2019-01-07T15:27:37Z,,Basic,10.00,10.00,0.00,0.00,new,0
2019-02-01-91-renewal,2019-02-01,53979,91,2019-01-07T15:27:37Z,,Basic,10.00,0.00,10.00,10.00,renewal,1
2019-03-01-91-renewal,2019-03-01,53979,91,2019-01-07T15:27:37Z,,Basic,10.00,0.00,10.00,10.00,renewal,2
2019-04-01-91-renewal,2019-04-01,53979,91,2019-01-07T15:27:37Z,,Basic,10.00,0.00,10.00,10.00,renewal,3
2019-05-01-91-churn,2019-05-01,53979,91,2019-01-07T15:27:37Z,,Basic,0.00,-10.00,0.00,10.00,churn,
2019-01-01-92-new,2019-01-01,51337,92,2019-01-07T18:07:16Z,,Standard with Ads,6.00,6.00,0.00,0.00,new,0
2019-02-01-92-renewal,2019-02-01,51337,92,2019-01-07T18:07:16Z,,Standard with Ads,6.00,0.00,6.00,6.00,renewal,1
2019-03-01-92-renewal,2019-03-01,51337,92,2019-01-07T18:07:16Z,,Standard with Ads,6.00,0.00,6.00,6.00,renewal,2
2019-04-01-92-renewal,2019-04-01,51337,92,2019-01-07T18:07:16Z,,Standard with Ads,6.00,0.00,6.00,6.00,renewal,3
2019-05-01-92-churn,2019-05-01,51337,92,2019-01-07T18:07:16Z,,Standard with Ads,0.00,-6.00,0.00,6.00,churn,
2019-01-01-93-new,2019-01-01,68332,93,2019-01-07T18:35:04Z,,Standard with Ads,6.00,6.00,0.00,0.00,new,0
2019-02-01-93-renewal,2019-02-01,68332,93,2019-01-07T18:35:04Z,,Standard with Ads,6.00,0.00,6.00,6.00,renewal,1
2019-03-01-93-renewal,2019-03-01,68332,93,2019-01-07T18:35:04Z,,Standard with Ads,6.00,0.00,6.00,6.00,renewal,2
2019-04-01-93-renewal,2019-04-01,68332,93,2019-01-07T18:35:04Z,,Standard with Ads,6.00,0.00,6.00,6.00,renewal,3
2019-05-01-93-churn,2019-05-01,68332,93,2019-01-07T18:35:04Z,,Standard with Ads,0.00,-6.00,0.00,6.00,churn,
2019-01-01-94-new,2019-01-01,10369,94,2019-01-07T18:56:20Z,2019-02-25T18:56:20Z,Standard with Ads,6.00,6.00,0.00,0.00,new,0
2019-02-01-94-churn,2019-02-01,10369,94,2019-01-07T18:56:20Z,2019-02-25T18:56:20Z,Standard with Ads,0.00,-6.00,0.00,6.00,churn,
2019-01-01-95-new,2019-01-01,72454,95,2019-01-07T23:14:46Z,2019-03-23T23:14:46Z,Standard with Ads,6.00,6.00,0.00,0.00,new,0
2019-02-01-95-renewal,2019-02-01,72454,95,2019-01-07T23:14:46Z,2019-03-23T23:14:46Z,Standard with Ads,6.00,0.00,6.00,6.00,renewal,1
2019-03-01-95-churn,2019-03-01,72454,95,2019-01-07T23:14:46Z,2019-03-23T23:14:46Z,Standard with Ads,0.00,-6.00,0.00,6.00,churn,
2019-01-01-96-new,2019-01-01,53153,96,2019-01-07T23:54:11Z,2019-02-10T23:54:11Z,Standard with Ads,6.00,6.00,0.00,0.00,new,0
2019-02-01-96-churn,2019-02-01,53153,96,2019-01-07T23:54:11Z,2019-02-10T23:54:11Z,Standard with Ads,0.00,-6.00,0.00,6.00,churn,
2019-01-01-97-new,2019-01-01,91049,97,2019-01-07T23:56:45Z,,Standard with Ads,6.00,6.00,0.00,0.00,new,0
2019-02-01-97-renewal,2019-02-01,91049,97,2019-01-07T23:56:45Z,,Standard with Ads,6.00,0.00,6.00,6.00,renewal,1
2019-03-01-97-renewal,2019-03-01,91049,97,2019-01-07T23:56:45Z,,Standard with Ads,6.00,0.00,6.00,6.00,renewal,2
2019-04-01-97-renewal,2019-04-01,91049,97,2019-01-07T23:56:45Z,,Standard with Ads,6.00,0.00,6.00,6.00,renewal,3
2019-05-01-97-churn,2019-05-01,91049,97,2019-01-07T23:56:45Z,,Standard with Ads,0.00,-6.00,0.00,6.00,churn,
2019-01-01-98-new,2019-01-01,21922,98,2019-01-08T00:48:52Z,2019-01-18T00:48:52Z,Basic,10.00,10.00,0.00,0.00,new,0
2019-02-01-98-churn,2019-02-01,21922,98,2019-01-08T00:48:52Z,2019-01-18T00:48:52Z,Basic,0.00,-10.00,0.00,10.00,churn,
2019-01-01-99-new,2019-01-01,79989,99,2019-01-08T01:03:40Z,2019-03-03T01:03:40Z,Basic,10.00,10.00,0.00,0.00,new,0
2019-02-01-99-renewal,2019-02-01,79989,99,2019-01-08T01:03:40Z,2019-03-03T01:03:40Z,Basic,10.00,0.00,10.00,10.00,renewal,1
2019-03-01-99-churn,2019-03-01,79989,99,2019-01-08T01:03:40Z,2019-03-03T01:03:40Z,Basic,0.00,-10.00,0.00,10.00,churn,
